C:/STM32 Workspace/LwIP_HTTP_Server_Netconn_RTOS/Src/ethernetif.c:179:13:low_level_init	144	static
C:/STM32 Workspace/LwIP_HTTP_Server_Netconn_RTOS/Src/ethernetif.c:305:14:low_level_output	136	static
C:/STM32 Workspace/LwIP_HTTP_Server_Netconn_RTOS/Src/ethernetif.c:384:22:low_level_input	24	static
C:/STM32 Workspace/LwIP_HTTP_Server_Netconn_RTOS/Src/ethernetif.c:402:6:ethernetif_input	24	static
C:/STM32 Workspace/LwIP_HTTP_Server_Netconn_RTOS/Src/ethernetif.c:439:7:ethernetif_init	16	static
C:/STM32 Workspace/LwIP_HTTP_Server_Netconn_RTOS/Src/ethernetif.c:486:6:pbuf_free_custom	24	static
C:/STM32 Workspace/LwIP_HTTP_Server_Netconn_RTOS/Src/ethernetif.c:504:7:sys_now	8	static
C:/STM32 Workspace/LwIP_HTTP_Server_Netconn_RTOS/Src/ethernetif.c:517:6:HAL_ETH_MspInit	64	static
C:/STM32 Workspace/LwIP_HTTP_Server_Netconn_RTOS/Src/ethernetif.c:578:6:HAL_ETH_RxCpltCallback	16	static
C:/STM32 Workspace/LwIP_HTTP_Server_Netconn_RTOS/Src/ethernetif.c:588:6:HAL_ETH_TxCpltCallback	16	static
C:/STM32 Workspace/LwIP_HTTP_Server_Netconn_RTOS/Src/ethernetif.c:598:6:HAL_ETH_ErrorCallback	16	static
C:/STM32 Workspace/LwIP_HTTP_Server_Netconn_RTOS/Src/ethernetif.c:619:9:ETH_PHY_IO_Init	8	static
C:/STM32 Workspace/LwIP_HTTP_Server_Netconn_RTOS/Src/ethernetif.c:636:9:ETH_PHY_IO_DeInit	4	static
C:/STM32 Workspace/LwIP_HTTP_Server_Netconn_RTOS/Src/ethernetif.c:648:9:ETH_PHY_IO_ReadReg	24	static
C:/STM32 Workspace/LwIP_HTTP_Server_Netconn_RTOS/Src/ethernetif.c:665:9:ETH_PHY_IO_WriteReg	24	static
C:/STM32 Workspace/LwIP_HTTP_Server_Netconn_RTOS/Src/ethernetif.c:679:9:ETH_PHY_IO_GetTick	8	static
C:/STM32 Workspace/LwIP_HTTP_Server_Netconn_RTOS/Src/ethernetif.c:689:6:ethernet_link_thread	136	static
C:/STM32 Workspace/LwIP_HTTP_Server_Netconn_RTOS/Src/ethernetif.c:752:6:HAL_ETH_RxAllocateCallback	32	static
C:/STM32 Workspace/LwIP_HTTP_Server_Netconn_RTOS/Src/ethernetif.c:772:6:HAL_ETH_RxLinkCallback	56	static,ignoring_inline_asm
C:/STM32 Workspace/LwIP_HTTP_Server_Netconn_RTOS/Src/ethernetif.c:808:6:HAL_ETH_TxFreeCallback	16	static
