C:/STM32 Workspace/LwIP_HTTP_Server_Netconn_RTOS/Src/main.c:76:5:main	8	static
C:/STM32 Workspace/LwIP_HTTP_Server_Netconn_RTOS/Src/main.c:120:6:StartThread	16	static
C:/STM32 Workspace/LwIP_HTTP_Server_Netconn_RTOS/Src/main.c:143:13:BSP_Config	8	static
C:/STM32 Workspace/LwIP_HTTP_Server_Netconn_RTOS/Src/main.c:154:13:Netif_Config	40	static
C:/STM32 Workspace/LwIP_HTTP_Server_Netconn_RTOS/Src/main.c:211:13:SystemClock_Config	128	static
C:/STM32 Workspace/LwIP_HTTP_Server_Netconn_RTOS/Src/main.c:273:13:MPU_Config	24	static
C:/STM32 Workspace/LwIP_HTTP_Server_Netconn_RTOS/Src/main.c:331:13:GPIO_Config	32	static
C:/STM32 Workspace/LwIP_HTTP_Server_Netconn_RTOS/Src/main.c:350:13:CPU_CACHE_Enable	24	static,ignoring_inline_asm
C:/STM32 Workspace/LwIP_HTTP_Server_Netconn_RTOS/Src/main.c:364:6:Error_Handler	4	static
