C:/STM32 Workspace/LwIP_HTTP_Server_Netconn_RTOS/Src/stm32h7xx_it.c:42:6:NMI_Handler	4	static
C:/STM32 Workspace/LwIP_HTTP_Server_Netconn_RTOS/Src/stm32h7xx_it.c:51:6:HardFault_Handler	4	static
C:/STM32 Workspace/LwIP_HTTP_Server_Netconn_RTOS/Src/stm32h7xx_it.c:64:6:MemManage_Handler	4	static
C:/STM32 Workspace/LwIP_HTTP_Server_Netconn_RTOS/Src/stm32h7xx_it.c:77:6:BusFault_Handler	4	static
C:/STM32 Workspace/LwIP_HTTP_Server_Netconn_RTOS/Src/stm32h7xx_it.c:90:6:UsageFault_Handler	4	static
C:/STM32 Workspace/LwIP_HTTP_Server_Netconn_RTOS/Src/stm32h7xx_it.c:104:6:DebugMon_Handler	4	static
C:/STM32 Workspace/LwIP_HTTP_Server_Netconn_RTOS/Src/stm32h7xx_it.c:119:6:ETH_IRQHandler	8	static
